// Jest Snapshot v1, https://goo.gl/fbAQLP

exports[`<Title /> component renders with a DARK theme 1`] = `
.c0 {
  padding: 0.75rem 0 1rem;
  border-radius: 4px;
  background: #282828;
  margin: 1rem 0 0;
  text-align: center;
  width: 100%;
}

.c1 {
  font-family: 'Karla',sans-serif;
  font-size: 1.75rem;
  color: #E22A23;
  margin: 0;
}

.c2 {
  font: 400 0.875rem 'Karla',sans-serif;
  color: #C8C8C8;
  margin: 0.75rem 0 0;
}

<div
  className="c0"
>
  <h1
    className="c1"
  >
    Design Patterns Game
  </h1>
  <h2
    className="c2"
  >
    “Gang of Four” patterns in JavaScript
  </h2>
</div>
`;

exports[`<Title /> component renders with a LIGHT theme 1`] = `
.c0 {
  padding: 0.75rem 0 1rem;
  border-radius: 4px;
  background: #F2E8F2;
  margin: 1rem 0 0;
  text-align: center;
  width: 100%;
}

.c1 {
  font-family: 'Karla',sans-serif;
  font-size: 1.75rem;
  color: #6F256F;
  margin: 0;
}

.c2 {
  font: 400 0.875rem 'Karla',sans-serif;
  color: #6F256F;
  margin: 0.75rem 0 0;
}

<div
  className="c0"
>
  <h1
    className="c1"
  >
    Design Patterns Game
  </h1>
  <h2
    className="c2"
  >
    “Gang of Four” patterns in JavaScript
  </h2>
</div>
`;
